07-28 20:33:31.202 11422 11499 I TestRunner: started: allActivityTest(com.example.cardiacmonitor.MainActivityTest)
07-28 20:33:31.217 11422 11499 W Settings: Setting always_finish_activities has moved from android.provider.Settings.System to android.provider.Settings.Global, returning read-only value.
07-28 20:33:31.227   509   531 D EventSequenceValidator: inc AccIntentStartedEvents to 24
07-28 20:33:31.234 11478 11478 W ding:backgroun: JIT profile information will not be recorded: profile file does not exist.
07-28 20:33:31.234 11478 11478 I chatty  : uid=10122 com.android.vending:background identical 2 lines
07-28 20:33:31.234 11478 11478 W ding:backgroun: JIT profile information will not be recorded: profile file does not exist.
07-28 20:33:31.248 11478 11478 D NetworkSecurityConfig: No Network Security Config specified, using platform default
07-28 20:33:31.249 11478 11478 D NetworkSecurityConfig: No Network Security Config specified, using platform default
07-28 20:33:31.311   509  1783 W InputReader: Device virtio_input_multi_touch_10 is associated with display ADISPLAY_ID_NONE.
07-28 20:33:31.311   509  1783 W InputReader: Device virtio_input_multi_touch_6 is associated with display ADISPLAY_ID_NONE.
07-28 20:33:31.311   509  1783 W InputReader: Device virtio_input_multi_touch_8 is associated with display ADISPLAY_ID_NONE.
07-28 20:33:31.311   509  1783 W InputReader: Device virtio_input_multi_touch_9 is associated with display ADISPLAY_ID_NONE.
07-28 20:33:31.311   509  1783 W InputReader: Device virtio_input_multi_touch_4 is associated with display ADISPLAY_ID_NONE.
07-28 20:33:31.311   509  1783 W InputReader: Device virtio_input_multi_touch_5 is associated with display ADISPLAY_ID_NONE.
07-28 20:33:31.311   509  1783 W InputReader: Device virtio_input_multi_touch_11 is associated with display ADISPLAY_ID_NONE.
07-28 20:33:31.311   509  1783 W InputReader: Device virtio_input_multi_touch_7 is associated with display ADISPLAY_ID_NONE.
07-28 20:33:31.311   509  1783 W InputReader: Device virtio_input_multi_touch_2 is associated with display ADISPLAY_ID_NONE.
07-28 20:33:31.311   509  1783 W InputReader: Device virtio_input_multi_touch_3 is associated with display ADISPLAY_ID_NONE.
07-28 20:33:31.312   509  1783 W InputReader: Device virtio_input_multi_touch_10 is associated with display ADISPLAY_ID_NONE.
07-28 20:33:31.312   509  1783 W InputReader: Device virtio_input_multi_touch_6 is associated with display ADISPLAY_ID_NONE.
07-28 20:33:31.312   509  1783 W InputReader: Device virtio_input_multi_touch_8 is associated with display ADISPLAY_ID_NONE.
07-28 20:33:31.312   509  1783 W InputReader: Device virtio_input_multi_touch_9 is associated with display ADISPLAY_ID_NONE.
07-28 20:33:31.312   509  1783 W InputReader: Device virtio_input_multi_touch_4 is associated with display ADISPLAY_ID_NONE.
07-28 20:33:31.312   509  1783 W InputReader: Device virtio_input_multi_touch_5 is associated with display ADISPLAY_ID_NONE.
07-28 20:33:31.312   509  1783 W InputReader: Device virtio_input_multi_touch_11 is associated with display ADISPLAY_ID_NONE.
07-28 20:33:31.312   509  1783 W InputReader: Device virtio_input_multi_touch_7 is associated with display ADISPLAY_ID_NONE.
07-28 20:33:31.312   509  1783 W InputReader: Device virtio_input_multi_touch_2 is associated with display ADISPLAY_ID_NONE.
07-28 20:33:31.312   509  1783 W InputReader: Device virtio_input_multi_touch_3 is associated with display ADISPLAY_ID_NONE.
07-28 20:33:31.354   509   545 E libprocessgroup: AddTidToCgroup failed to write '11502'; fd=48: Invalid argument
07-28 20:33:31.354   509   545 E libprocessgroup: Failed to add task into cgroup
07-28 20:33:31.354   509   545 W libprocessgroup: ExecuteForTask failed for aggregate profile: Invalid argument
07-28 20:33:31.377 11478 11478 I Finsky:background: [2] fpc.j(6): Process created at version: 31.5.16-21 [0] [PR] 461258106
07-28 20:33:31.397   304   359 D goldfish-address-space: claimShared: Ask to claim region [0x1f2498000 0x1f2e00000]
07-28 20:33:31.428 11422 11422 D LifecycleMonitor: Lifecycle status change: androidx.test.core.app.InstrumentationActivityInvoker$BootstrapActivity@7ca1f73 in: PRE_ON_CREATE
07-28 20:33:31.431 11422 11422 V ActivityScenario: Activity lifecycle changed event received but ignored because the intent does not match. startActivityIntent=Intent { act=android.intent.action.MAIN cat=[android.intent.category.LAUNCHER] cmp=com.example.cardiacmonitor/.MainActivity }, activity.getIntent()=Intent { act=android.intent.action.MAIN cat=[android.intent.category.LAUNCHER] flg=0x10008000 cmp=com.example.cardiacmonitor/androidx.test.core.app.InstrumentationActivityInvoker$BootstrapActivity (has extras) }, activity=androidx.test.core.app.InstrumentationActivityInvoker$BootstrapActivity@7ca1f73
07-28 20:33:31.476 11422 11505 D libEGL  : loaded /vendor/lib64/egl/libEGL_emulation.so
07-28 20:33:31.491 11422 11505 D libEGL  : loaded /vendor/lib64/egl/libGLESv1_CM_emulation.so
07-28 20:33:31.498 11422 11505 D libEGL  : loaded /vendor/lib64/egl/libGLESv2_emulation.so
07-28 20:33:31.504 11422 11422 D LifecycleMonitor: Lifecycle status change: androidx.test.core.app.InstrumentationActivityInvoker$BootstrapActivity@7ca1f73 in: CREATED
07-28 20:33:31.504 11422 11422 V ActivityScenario: Activity lifecycle changed event received but ignored because the intent does not match. startActivityIntent=Intent { act=android.intent.action.MAIN cat=[android.intent.category.LAUNCHER] cmp=com.example.cardiacmonitor/.MainActivity }, activity.getIntent()=Intent { act=android.intent.action.MAIN cat=[android.intent.category.LAUNCHER] flg=0x10008000 cmp=com.example.cardiacmonitor/androidx.test.core.app.InstrumentationActivityInvoker$BootstrapActivity (has extras) }, activity=androidx.test.core.app.InstrumentationActivityInvoker$BootstrapActivity@7ca1f73
07-28 20:33:31.563 11422 11422 D LifecycleMonitor: Lifecycle status change: androidx.test.core.app.InstrumentationActivityInvoker$BootstrapActivity@7ca1f73 in: STARTED
07-28 20:33:31.564 11422 11422 V ActivityScenario: Activity lifecycle changed event received but ignored because the intent does not match. startActivityIntent=Intent { act=android.intent.action.MAIN cat=[android.intent.category.LAUNCHER] cmp=com.example.cardiacmonitor/.MainActivity }, activity.getIntent()=Intent { act=android.intent.action.MAIN cat=[android.intent.category.LAUNCHER] flg=0x10008000 cmp=com.example.cardiacmonitor/androidx.test.core.app.InstrumentationActivityInvoker$BootstrapActivity (has extras) }, activity=androidx.test.core.app.InstrumentationActivityInvoker$BootstrapActivity@7ca1f73
07-28 20:33:31.601 11422 11422 D LifecycleMonitor: Lifecycle status change: androidx.test.core.app.InstrumentationActivityInvoker$BootstrapActivity@7ca1f73 in: RESUMED
07-28 20:33:31.601 11422 11422 V ActivityScenario: Activity lifecycle changed event received but ignored because the intent does not match. startActivityIntent=Intent { act=android.intent.action.MAIN cat=[android.intent.category.LAUNCHER] cmp=com.example.cardiacmonitor/.MainActivity }, activity.getIntent()=Intent { act=android.intent.action.MAIN cat=[android.intent.category.LAUNCHER] flg=0x10008000 cmp=com.example.cardiacmonitor/androidx.test.core.app.InstrumentationActivityInvoker$BootstrapActivity (has extras) }, activity=androidx.test.core.app.InstrumentationActivityInvoker$BootstrapActivity@7ca1f73
07-28 20:33:31.608 11422 11422 D LifecycleMonitor: Lifecycle status change: androidx.test.core.app.InstrumentationActivityInvoker$BootstrapActivity@7ca1f73 in: PAUSED
07-28 20:33:31.609 11422 11422 V ActivityScenario: Activity lifecycle changed event received but ignored because the intent does not match. startActivityIntent=Intent { act=android.intent.action.MAIN cat=[android.intent.category.LAUNCHER] cmp=com.example.cardiacmonitor/.MainActivity }, activity.getIntent()=Intent { act=android.intent.action.MAIN cat=[android.intent.category.LAUNCHER] flg=0x10008000 cmp=com.example.cardiacmonitor/androidx.test.core.app.InstrumentationActivityInvoker$BootstrapActivity (has extras) }, activity=androidx.test.core.app.InstrumentationActivityInvoker$BootstrapActivity@7ca1f73
07-28 20:33:31.611   509   784 W InputReader: Device virtio_input_multi_touch_10 is associated with display ADISPLAY_ID_NONE.
07-28 20:33:31.611   509   784 W InputReader: Device virtio_input_multi_touch_6 is associated with display ADISPLAY_ID_NONE.
07-28 20:33:31.611   509   784 W InputReader: Device virtio_input_multi_touch_8 is associated with display ADISPLAY_ID_NONE.
07-28 20:33:31.611   509   784 W InputReader: Device virtio_input_multi_touch_9 is associated with display ADISPLAY_ID_NONE.
07-28 20:33:31.611   509   784 W InputReader: Device virtio_input_multi_touch_4 is associated with display ADISPLAY_ID_NONE.
07-28 20:33:31.611   509   784 W InputReader: Device virtio_input_multi_touch_5 is associated with display ADISPLAY_ID_NONE.
07-28 20:33:31.611   509   784 W InputReader: Device virtio_input_multi_touch_11 is associated with display ADISPLAY_ID_NONE.
07-28 20:33:31.611   509   784 W InputReader: Device virtio_input_multi_touch_7 is associated with display ADISPLAY_ID_NONE.
07-28 20:33:31.611   509   784 W InputReader: Device virtio_input_multi_touch_2 is associated with display ADISPLAY_ID_NONE.
07-28 20:33:31.611   509   784 W InputReader: Device virtio_input_multi_touch_3 is associated with display ADISPLAY_ID_NONE.
07-28 20:33:31.612   509   784 W InputReader: Device virtio_input_multi_touch_10 is associated with display ADISPLAY_ID_NONE.
07-28 20:33:31.612   509   784 W InputReader: Device virtio_input_multi_touch_6 is associated with display ADISPLAY_ID_NONE.
07-28 20:33:31.612   509   784 W InputReader: Device virtio_input_multi_touch_8 is associated with display ADISPLAY_ID_NONE.
07-28 20:33:31.612   509   784 W InputReader: Device virtio_input_multi_touch_9 is associated with display ADISPLAY_ID_NONE.
07-28 20:33:31.612   509   784 W InputReader: Device virtio_input_multi_touch_4 is associated with display ADISPLAY_ID_NONE.
07-28 20:33:31.612   509   784 W InputReader: Device virtio_input_multi_touch_5 is associated with display ADISPLAY_ID_NONE.
07-28 20:33:31.612   509   784 W InputReader: Device virtio_input_multi_touch_11 is associated with display ADISPLAY_ID_NONE.
07-28 20:33:31.612   509   784 W InputReader: Device virtio_input_multi_touch_7 is associated with display ADISPLAY_ID_NONE.
07-28 20:33:31.612   509   784 W InputReader: Device virtio_input_multi_touch_2 is associated with display ADISPLAY_ID_NONE.
07-28 20:33:31.612   509   784 W InputReader: Device virtio_input_multi_touch_3 is associated with display ADISPLAY_ID_NONE.
07-28 20:33:31.625   304   359 D goldfish-address-space: claimShared: Ask to claim region [0x1f0000000 0x1f0968000]
07-28 20:33:31.752 11422 11422 D LifecycleMonitor: Lifecycle status change: com.example.cardiacmonitor.MainActivity@8939f1d in: PRE_ON_CREATE
07-28 20:33:31.753 11422 11422 V ActivityScenario: Activity lifecycle changed event received but ignored because the reported transition was not ON_CREATE while the last known transition was PRE_ON_CREATE
07-28 20:33:31.779 15405 11507 I PBSessionCacheImpl: Deleted sessionId[67753562060811045] from persistence.
07-28 20:33:31.826 11422 11422 W .cardiacmonito: Accessing hidden method Landroid/view/View;->computeFitSystemWindows(Landroid/graphics/Rect;Landroid/graphics/Rect;)Z (greylist, reflection, allowed)
07-28 20:33:31.829 11422 11422 W .cardiacmonito: Accessing hidden method Landroid/view/ViewGroup;->makeOptionalFitsSystemWindows()V (greylist, reflection, allowed)
07-28 20:33:31.834 15405 15529 I A       : Using proto config with mendel
07-28 20:33:31.837 15405 15529 I A       : Using proto config with mendel
07-28 20:33:31.838 15405 15529 W SearchServiceCore: Abort, client detached.
07-28 20:33:31.845 15405 15529 I MicroDetectionState: Should stop hotword detection immediately - true
07-28 20:33:31.846 15405 15529 I A       : Using proto config with mendel
07-28 20:33:31.847 15405 15529 I A       : Using proto config with mendel
07-28 20:33:31.968 11422 11422 D LifecycleMonitor: Lifecycle status change: com.example.cardiacmonitor.MainActivity@8939f1d in: CREATED
07-28 20:33:31.969 11422 11422 V ActivityScenario: Update currentActivityStage to CREATED, currentActivity=com.example.cardiacmonitor.MainActivity@8939f1d
07-28 20:33:31.976 11422 11422 D LifecycleMonitor: Lifecycle status change: com.example.cardiacmonitor.MainActivity@8939f1d in: STARTED
07-28 20:33:31.977 11422 11422 V ActivityScenario: Update currentActivityStage to STARTED, currentActivity=com.example.cardiacmonitor.MainActivity@8939f1d
07-28 20:33:31.979 11422 11422 D LifecycleMonitor: Lifecycle status change: com.example.cardiacmonitor.MainActivity@8939f1d in: RESUMED
07-28 20:33:31.979 11422 11422 V ActivityScenario: Update currentActivityStage to RESUMED, currentActivity=com.example.cardiacmonitor.MainActivity@8939f1d
07-28 20:33:32.001 11422 11499 W FileTestStorage: Output properties is not supported.
07-28 20:33:32.001 11422 11499 I Tracing : Tracer added: class androidx.test.platform.tracing.AndroidXTracer
07-28 20:33:32.004 11478 11478 I Finsky:background: [2] pob.c(18): Finished reading experiment flags from file [0tGUNCGIkbk4o6-fQ335kUYSKwVj4lusnHT-A5Dsy08].
07-28 20:33:32.007 11422 11499 D EventInjectionStrategy: Creating injection strategy with input manager.
07-28 20:33:32.008 11422 11499 W .cardiacmonito: Accessing hidden method Landroid/hardware/input/InputManager;->getInstance()Landroid/hardware/input/InputManager; (greylist, reflection, allowed)
07-28 20:33:32.009 11422 11499 W .cardiacmonito: Accessing hidden method Landroid/hardware/input/InputManager;->injectInputEvent(Landroid/view/InputEvent;I)Z (greylist, reflection, allowed)
07-28 20:33:32.010 11422 11499 W .cardiacmonito: Accessing hidden field Landroid/hardware/input/InputManager;->INJECT_INPUT_EVENT_MODE_WAIT_FOR_FINISH:I (greylist, reflection, allowed)
07-28 20:33:32.015 11478 11478 I Finsky:background: [2] pob.c(18): Finished reading experiment flags from file [Se-xCc4LzNyh3UrKMIU2sUf-PUKz4oQEbpKZDMuaFno].
07-28 20:33:32.020 11422 11422 D LifecycleMonitor: Lifecycle status change: androidx.test.core.app.InstrumentationActivityInvoker$BootstrapActivity@7ca1f73 in: STOPPED
07-28 20:33:32.020 11422 11422 V ActivityScenario: Activity lifecycle changed event received but ignored because the intent does not match. startActivityIntent=Intent { act=android.intent.action.MAIN cat=[android.intent.category.LAUNCHER] cmp=com.example.cardiacmonitor/.MainActivity }, activity.getIntent()=Intent { act=android.intent.action.MAIN cat=[android.intent.category.LAUNCHER] flg=0x10008000 cmp=com.example.cardiacmonitor/androidx.test.core.app.InstrumentationActivityInvoker$BootstrapActivity (has extras) }, activity=androidx.test.core.app.InstrumentationActivityInvoker$BootstrapActivity@7ca1f73
07-28 20:33:32.037 11478 11478 I Finsky:background: [2] mbo.onCreate(2): IPC-SERVER: Starting gRPC host service...
07-28 20:33:32.048 11422 11503 D HostConnection: HostConnection::get() New Host Connection established 0xb40000714eb5cb10, tid 11503
07-28 20:33:32.054 11422 11503 D HostConnection: HostComposition ext ANDROID_EMU_CHECKSUM_HELPER_v1 ANDROID_EMU_native_sync_v2 ANDROID_EMU_native_sync_v3 ANDROID_EMU_native_sync_v4 ANDROID_EMU_dma_v1 ANDROID_EMU_direct_mem ANDROID_EMU_host_composition_v1 ANDROID_EMU_host_composition_v2 ANDROID_EMU_vulkan ANDROID_EMU_deferred_vulkan_commands ANDROID_EMU_vulkan_null_optional_strings ANDROID_EMU_vulkan_create_resources_with_requirements ANDROID_EMU_YUV_Cache ANDROID_EMU_vulkan_ignored_handles ANDROID_EMU_has_shared_slots_host_memory_allocator ANDROID_EMU_vulkan_free_memory_sync ANDROID_EMU_vulkan_shader_float16_int8 ANDROID_EMU_vulkan_async_queue_submit ANDROID_EMU_sync_buffer_data ANDROID_EMU_read_color_buffer_dma GL_OES_EGL_image_external_essl3 GL_OES_vertex_array_object GL_KHR_texture_compression_astc_ldr ANDROID_EMU_host_side_tracing ANDROID_EMU_gles_max_version_3_0
07-28 20:33:32.059   179   179 I hwservicemanager: getTransport: Cannot find entry android.hardware.configstore@1.0::ISurfaceFlingerConfigs/default in either framework or device manifest.
07-28 20:33:32.060 11422 11503 W OpenGLRenderer: Failed to choose config with EGL_SWAP_BEHAVIOR_PRESERVED, retrying without...
07-28 20:33:32.061 11422 11503 D EGL_emulation: eglCreateContext: 0xb40000713eb774f0: maj 3 min 0 rcv 3
07-28 20:33:32.064 11422 11503 D EGL_emulation: eglMakeCurrent: 0xb40000713eb774f0: ver 3 0 (tinfo 0xb4000070debb9f40) (first time)
07-28 20:33:32.072   304   359 D goldfish-address-space: claimShared: Ask to claim region [0x1f0968000 0x1f12d0000]
07-28 20:33:32.074   179   179 I hwservicemanager: getTransport: Cannot find entry android.hardware.graphics.mapper@4.0::IMapper/default in either framework or device manifest.
07-28 20:33:32.074 11422 11503 I Gralloc4: mapper 4.x is not supported
07-28 20:33:32.077 11422 11503 D HostConnection: createUnique: call
07-28 20:33:32.078 11422 11503 D HostConnection: HostConnection::get() New Host Connection established 0xb40000714eb60050, tid 11503
07-28 20:33:32.078 11422 11503 D goldfish-address-space: allocate: Ask for block of size 0x100
07-28 20:33:32.078 11422 11503 D goldfish-address-space: allocate: ioctl allocate returned offset 0x1efff8000 size 0x8000
07-28 20:33:32.091 11422 11503 D HostConnection: HostComposition ext ANDROID_EMU_CHECKSUM_HELPER_v1 ANDROID_EMU_native_sync_v2 ANDROID_EMU_native_sync_v3 ANDROID_EMU_native_sync_v4 ANDROID_EMU_dma_v1 ANDROID_EMU_direct_mem ANDROID_EMU_host_composition_v1 ANDROID_EMU_host_composition_v2 ANDROID_EMU_vulkan ANDROID_EMU_deferred_vulkan_commands ANDROID_EMU_vulkan_null_optional_strings ANDROID_EMU_vulkan_create_resources_with_requirements ANDROID_EMU_YUV_Cache ANDROID_EMU_vulkan_ignored_handles ANDROID_EMU_has_shared_slots_host_memory_allocator ANDROID_EMU_vulkan_free_memory_sync ANDROID_EMU_vulkan_shader_float16_int8 ANDROID_EMU_vulkan_async_queue_submit ANDROID_EMU_sync_buffer_data ANDROID_EMU_read_color_buffer_dma GL_OES_EGL_image_external_essl3 GL_OES_vertex_array_object GL_KHR_texture_compression_astc_ldr ANDROID_EMU_host_side_tracing ANDROID_EMU_gles_max_version_3_0
07-28 20:33:32.093   304   359 D goldfish-address-space: claimShared: Ask to claim region [0x1f12d0000 0x1f1c38000]
07-28 20:33:32.095   304   359 D goldfish-address-space: claimShared: Ask to claim region [0x1f52d0000 0x1f5c38000]
07-28 20:33:32.156 11478 11478 I TetheringManager: registerTetheringEventCallback:com.android.vending
07-28 20:33:32.165   864   864 D PhoneSwitcherNetworkRequstListener: got request NetworkRequest [ TRACK_DEFAULT id=205, [ Capabilities: INTERNET&NOT_RESTRICTED&TRUSTED Uid: 10122 AdministratorUids: [] RequestorUid: 10122 RequestorPackageName: com.android.vending] ] with score 60 and providerId 3
07-28 20:33:32.170   509   608 D WifiNetworkFactory: got request NetworkRequest [ TRACK_DEFAULT id=205, [ Capabilities: INTERNET&NOT_RESTRICTED&TRUSTED Uid: 10122 AdministratorUids: [] RequestorUid: 10122 RequestorPackageName: com.android.vending] ] with score 60 and providerId 3
07-28 20:33:32.177   509   608 D UntrustedWifiNetworkFactory: got request NetworkRequest [ TRACK_DEFAULT id=205, [ Capabilities: INTERNET&NOT_RESTRICTED&TRUSTED Uid: 10122 AdministratorUids: [] RequestorUid: 10122 RequestorPackageName: com.android.vending] ] with score 60 and providerId 3
07-28 20:33:32.189   676   676 V KeyguardUpdateMonitor: onSubscriptionInfoChanged()
07-28 20:33:32.197   676   676 V KeyguardUpdateMonitor: SubInfo:{id=1 iccId=890141032[****] simSlotIndex=0 carrierId=1 displayName=T-Mobile carrierName=T-Mobile nameSource=3 iconTint=-16746133 number=[****] dataRoaming=0 iconBitmap=android.graphics.Bitmap@fad6ada mcc=310 mnc=260 countryIso=us isEmbedded=false nativeAccessRules=null cardString=890141032[****] cardId=-1 isOpportunistic=false groupUUID=null isGroupDisabled=false profileClass=-1 ehplmns=null hplmns=null subscriptionType=0 groupOwner=null carrierConfigAccessRules=null areUiccApplicationsEnabled=true}
07-28 20:33:32.198   864   864 D Telephony: isEmergencyPreferredAccount: subId=1, activeData=1
07-28 20:33:32.205   864   864 D Telephony: isEmergencyPreferredAccount: Device does not require preference.
07-28 20:33:32.267   509   539 D ArtManagerInternalImpl: /data/misc/iorapd/com.example.cardiacmonitor/1/com.example.cardiacmonitor.MainActivity/compiled_traces/compiled_trace.pb doesn't exist
07-28 20:33:32.267   509   531 D EventSequenceValidator: dec AccIntentStartedEvents to 23
07-28 20:33:32.270   509   539 I ActivityTaskManager: Displayed com.example.cardiacmonitor/.MainActivity: +1s38ms
07-28 20:33:32.313   290   290 I Zygote  : Process 10893 exited due to signal 9 (Killed)
07-28 20:33:32.327   509   542 I libprocessgroup: Successfully killed process cgroup uid 10079 pid 10893 in 45ms
07-28 20:33:32.333 11422 11499 W .cardiacmonito: Accessing hidden method Landroid/view/ViewConfiguration;->getDoubleTapMinTime()I (greylist, reflection, allowed)
07-28 20:33:32.336 11422 11499 W FileTestStorage: Test input args is not supported.
07-28 20:33:32.336  1133  1884 I FontLog : Received query Noto Color Emoji Compat, URI content://com.google.android.gms.fonts [CONTEXT service_id=132 ]
07-28 20:33:32.337  1133  1884 I FontLog : Query [emojicompat-emoji-font] resolved to {Noto Color Emoji Compat, wdth 100.0, wght 400, ital 0.0, bestEffort false} [CONTEXT service_id=132 ]
07-28 20:33:32.346 11478 11521 I Finsky:background: [2405] iot.f(1): getDownloads()
07-28 20:33:32.353 11422 11422 W .cardiacmonito: Accessing hidden method Landroid/os/MessageQueue;->next()Landroid/os/Message; (greylist, reflection, allowed)
07-28 20:33:32.353 11422 11422 W .cardiacmonito: Accessing hidden field Landroid/os/MessageQueue;->mMessages:Landroid/os/Message; (greylist, reflection, allowed)
07-28 20:33:32.354 11422 11422 W .cardiacmonito: Accessing hidden method Landroid/os/Message;->recycleUnchecked()V (greylist, reflection, allowed)
07-28 20:33:32.358  1133  1884 I FontLog : Fetch {Noto Color Emoji Compat, wdth 100.0, wght 400, ital 0.0, bestEffort false} end status Status{statusCode=SUCCESS, resolution=null} [CONTEXT service_id=132 ]
07-28 20:33:32.376 11422 11422 W .cardiacmonito: Accessing hidden method Landroid/view/WindowManagerGlobal;->getInstance()Landroid/view/WindowManagerGlobal; (greylist, reflection, allowed)
07-28 20:33:32.376 11422 11422 W .cardiacmonito: Accessing hidden field Landroid/view/WindowManagerGlobal;->mViews:Ljava/util/ArrayList; (greylist, reflection, allowed)
07-28 20:33:32.376 11422 11422 W .cardiacmonito: Accessing hidden field Landroid/view/WindowManagerGlobal;->mParams:Ljava/util/ArrayList; (greylist, reflection, allowed)
07-28 20:33:32.377  1133  1884 I FontLog : Pulling font file for id = 128, cache size = 5 [CONTEXT service_id=132 ]
07-28 20:33:32.383 11422 11422 I ViewInteraction: Performing 'single click' action on view view.getId() is <2131230803/com.example.cardiacmonitor:id/addButton>
07-28 20:33:32.388  1133  1884 I FontLog : Pulling font file for id = 128, cache size = 5 [CONTEXT service_id=132 ]
07-28 20:33:32.410 11206 11414 I Finsky  : [2400] ire.g(1): getDownloads()
07-28 20:33:32.412 11478 11521 I Finsky:background: [2405] iot.f(1): getDownloads()
07-28 20:33:32.427 11206 11466 I Finsky  : [2425] kwl.run(8): Installer: Installer starting
07-28 20:33:32.427 11206 11466 I Finsky  : [2425] kwl.run(11): Installer: Installer started
07-28 20:33:32.439   509   531 D EventSequenceValidator: inc AccIntentStartedEvents to 24
07-28 20:33:32.448   509   531 D EventSequenceValidator: dec AccIntentStartedEvents to 23
07-28 20:33:32.451 11422 11422 D LifecycleMonitor: Lifecycle status change: com.example.cardiacmonitor.MainActivity@8939f1d in: PAUSED
07-28 20:33:32.451 11422 11422 V ActivityScenario: Update currentActivityStage to PAUSED, currentActivity=com.example.cardiacmonitor.MainActivity@8939f1d
07-28 20:33:32.453   509  1783 W InputReader: Device virtio_input_multi_touch_10 is associated with display ADISPLAY_ID_NONE.
07-28 20:33:32.453   509  1783 W InputReader: Device virtio_input_multi_touch_6 is associated with display ADISPLAY_ID_NONE.
07-28 20:33:32.453   509  1783 W InputReader: Device virtio_input_multi_touch_8 is associated with display ADISPLAY_ID_NONE.
07-28 20:33:32.453   509  1783 W InputReader: Device virtio_input_multi_touch_9 is associated with display ADISPLAY_ID_NONE.
07-28 20:33:32.453   509  1783 W InputReader: Device virtio_input_multi_touch_4 is associated with display ADISPLAY_ID_NONE.
07-28 20:33:32.453   509  1783 W InputReader: Device virtio_input_multi_touch_5 is associated with display ADISPLAY_ID_NONE.
07-28 20:33:32.453   509  1783 W InputReader: Device virtio_input_multi_touch_11 is associated with display ADISPLAY_ID_NONE.
07-28 20:33:32.453   509  1783 W InputReader: Device virtio_input_multi_touch_7 is associated with display ADISPLAY_ID_NONE.
07-28 20:33:32.453   509  1783 W InputReader: Device virtio_input_multi_touch_2 is associated with display ADISPLAY_ID_NONE.
07-28 20:33:32.453   509  1783 W InputReader: Device virtio_input_multi_touch_3 is associated with display ADISPLAY_ID_NONE.
07-28 20:33:32.455   509  1783 W InputReader: Device virtio_input_multi_touch_10 is associated with display ADISPLAY_ID_NONE.
07-28 20:33:32.455   509  1783 W InputReader: Device virtio_input_multi_touch_6 is associated with display ADISPLAY_ID_NONE.
07-28 20:33:32.455   509  1783 W InputReader: Device virtio_input_multi_touch_8 is associated with display ADISPLAY_ID_NONE.
07-28 20:33:32.455   509  1783 W InputReader: Device virtio_input_multi_touch_9 is associated with display ADISPLAY_ID_NONE.
07-28 20:33:32.455   509  1783 W InputReader: Device virtio_input_multi_touch_4 is associated with display ADISPLAY_ID_NONE.
07-28 20:33:32.455   509  1783 W InputReader: Device virtio_input_multi_touch_5 is associated with display ADISPLAY_ID_NONE.
07-28 20:33:32.455   509  1783 W InputReader: Device virtio_input_multi_touch_11 is associated with display ADISPLAY_ID_NONE.
07-28 20:33:32.455   509  1783 W InputReader: Device virtio_input_multi_touch_7 is associated with display ADISPLAY_ID_NONE.
07-28 20:33:32.455   509  1783 W InputReader: Device virtio_input_multi_touch_2 is associated with display ADISPLAY_ID_NONE.
07-28 20:33:32.455   509  1783 W InputReader: Device virtio_input_multi_touch_3 is associated with display ADISPLAY_ID_NONE.
07-28 20:33:32.471   509  1783 I system_server: oneway function results will be dropped but finished with status OK and parcel size 4
07-28 20:33:32.471   509  1783 I chatty  : uid=1000(system) Binder:509_14 identical 1 line
07-28 20:33:32.473   509  1783 I system_server: oneway function results will be dropped but finished with status OK and parcel size 4
07-28 20:33:32.473 11206 11206 I Finsky  : [2] kzm.S(7): Installer: found apps to install. isMultiUserMode=false, apps=[]
07-28 20:33:32.482 11206 11527 I Finsky  : [2438] ldj.a(103): IV2: found recoverable installs: []
07-28 20:33:32.491 11422 11422 D LifecycleMonitor: Lifecycle status change: com.example.cardiacmonitor.AddDetails@f843b40 in: PRE_ON_CREATE
07-28 20:33:32.491 11422 11422 V ActivityScenario: Activity lifecycle changed event received but ignored because the intent does not match. startActivityIntent=Intent { act=android.intent.action.MAIN cat=[android.intent.category.LAUNCHER] cmp=com.example.cardiacmonitor/.MainActivity }, activity.getIntent()=Intent { cmp=com.example.cardiacmonitor/.AddDetails }, activity=com.example.cardiacmonitor.AddDetails@f843b40
07-28 20:33:32.528 11206 11531 I Finsky  : [2440] lii.y(1): IQ: Pruning inactive install requests
07-28 20:33:32.538 11206 11396 I Finsky  : [2394] rxw.apply(16): SCH: Canceling job 3-62
07-28 20:33:32.547 11206 11474 I Finsky  : [2431] mgf.accept(56): Retaining com.google.android.trichromelibrary from pruning.
07-28 20:33:32.553 11206 11414 I Finsky  : [2400] rrc.accept(43): SCH: Scheduling phonesky job Id: 3-66, CT: 1658954779740, Constraints: [{ L: 0, D: 86400000, C: 1, I: 2, N: 2 }]
07-28 20:33:32.563 11206 11206 I Finsky  : [2] tax.a(1): Connecting InstallListener to SplitInstallService broadcaster...
07-28 20:33:32.611   509   526 I system_server: oneway function results will be dropped but finished with status OK and parcel size 4
07-28 20:33:32.613 11206 11398 I Finsky  : [2396] rqq.apply(12): SCH: Scheduling 1 system job(s)
07-28 20:33:32.616 11206 11398 I Finsky  : [2396] rqq.apply(18): SCH: Scheduling system job Id: 9614, L: 0, D: 22367127, C: false, I: true, N: 2
07-28 20:33:32.637 11206 11396 I Finsky  : [2394] rxw.apply(16): SCH: Canceling job 3-63
07-28 20:33:32.642 11206 11411 I Finsky  : [2398] rrc.accept(43): SCH: Scheduling phonesky job Id: 3-65, CT: 1658954779740, Constraints: [{ L: 0, D: 86400000, C: 2, I: 1, N: 2 }]
07-28 20:33:32.654 11206 11398 I Finsky  : [2396] rqq.apply(12): SCH: Scheduling 1 system job(s)
07-28 20:33:32.655 11206 11398 I Finsky  : [2396] rqq.apply(18): SCH: Scheduling system job Id: 9615, L: 0, D: 22367085, C: true, I: false, N: 2
07-28 20:33:32.667 11206 11396 I Finsky  : [2394] rxw.apply(16): SCH: Canceling job 3-64
07-28 20:33:32.670 11206 11397 I Finsky  : [2395] rxc.a(2): SCH: no pending jobs to schedule.
07-28 20:33:32.674 11206 11396 I Finsky  : [2394] rxw.apply(16): SCH: Canceling job 3-65
07-28 20:33:32.676 11206 11414 I Finsky  : [2400] rxc.a(2): SCH: no pending jobs to schedule.
07-28 20:33:32.681 11422 11422 D LifecycleMonitor: Lifecycle status change: com.example.cardiacmonitor.AddDetails@f843b40 in: CREATED
07-28 20:33:32.681 11206 11396 I Finsky  : [2394] rxw.apply(16): SCH: Canceling job 3-66
07-28 20:33:32.681 11422 11422 V ActivityScenario: Activity lifecycle changed event received but ignored because the intent does not match. startActivityIntent=Intent { act=android.intent.action.MAIN cat=[android.intent.category.LAUNCHER] cmp=com.example.cardiacmonitor/.MainActivity }, activity.getIntent()=Intent { cmp=com.example.cardiacmonitor/.AddDetails }, activity=com.example.cardiacmonitor.AddDetails@f843b40
07-28 20:33:32.683 11206 11398 I Finsky  : [2396] rxc.a(2): SCH: no pending jobs to schedule.
07-28 20:33:32.683 11422 11422 D LifecycleMonitor: Lifecycle status change: com.example.cardiacmonitor.AddDetails@f843b40 in: STARTED
07-28 20:33:32.683 11422 11422 V ActivityScenario: Activity lifecycle changed event received but ignored because the intent does not match. startActivityIntent=Intent { act=android.intent.action.MAIN cat=[android.intent.category.LAUNCHER] cmp=com.example.cardiacmonitor/.MainActivity }, activity.getIntent()=Intent { cmp=com.example.cardiacmonitor/.AddDetails }, activity=com.example.cardiacmonitor.AddDetails@f843b40
07-28 20:33:32.684 11422 11422 D LifecycleMonitor: Lifecycle status change: com.example.cardiacmonitor.AddDetails@f843b40 in: RESUMED
07-28 20:33:32.684 11422 11422 V ActivityScenario: Activity lifecycle changed event received but ignored because the intent does not match. startActivityIntent=Intent { act=android.intent.action.MAIN cat=[android.intent.category.LAUNCHER] cmp=com.example.cardiacmonitor/.MainActivity }, activity.getIntent()=Intent { cmp=com.example.cardiacmonitor/.AddDetails }, activity=com.example.cardiacmonitor.AddDetails@f843b40
07-28 20:33:32.687 11206 11396 I Finsky  : [2394] rxw.apply(16): SCH: Canceling job 3-67
07-28 20:33:32.690 11206 11411 I Finsky  : [2398] rrc.accept(43): SCH: Scheduling phonesky job Id: 10-78, CT: 1658954178005, Constraints: [{ L: 0, D: 86400000, C: 1, I: 2, N: 1 }]
07-28 20:33:32.690 11206 11411 I Finsky  : [2398] rrc.accept(43): SCH: Scheduling phonesky job Id: 10-79, CT: 1658954178005, Constraints: [{ L: 0, D: 86400000, C: 1, I: 2, N: 1 }]
07-28 20:33:32.699 11206 11414 I Finsky  : [2400] rqq.apply(12): SCH: Scheduling 1 system job(s)
07-28 20:33:32.699 11206 11414 I Finsky  : [2400] rqq.apply(18): SCH: Scheduling system job Id: 9616, L: 0, D: 21765306, C: false, I: true, N: 1
07-28 20:33:32.717 11206 11396 I Finsky  : [2394] rxw.apply(16): SCH: Canceling job 3-68
07-28 20:33:32.720 11206 11397 I Finsky  : [2395] rrc.accept(43): SCH: Scheduling phonesky job Id: 1-1337, CT: 1659018810496, Constraints: [{ L: 0, D: 30372786, C: 1, I: 1, N: 0 }, { L: 0, D: 0, C: 1, I: 1, N: 0 }]
07-28 20:33:32.720 11206 11397 I Finsky  : [2395] rrc.accept(43): SCH: Scheduling phonesky job Id: 12-1, CT: 1658998974034, Constraints: [{ L: 15000, D: 86400000, C: 1, I: 1, N: 1 }]
07-28 20:33:32.720 11206 11397 I Finsky  : [2395] rrc.accept(43): SCH: Scheduling phonesky job Id: 26-1414141414, CT: 1658954179895, Constraints: [{ L: 43140915, D: 44040915, C: 1, I: 1, N: 0 }]
07-28 20:33:32.721 11206 11397 I Finsky  : [2395] rrc.accept(43): SCH: Scheduling phonesky job Id: 29-29, CT: 1659018810042, Constraints: [{ L: 30000, D: 60000, C: 1, I: 1, N: 0 }]
07-28 20:33:32.740   304   359 D goldfish-address-space: claimShared: Ask to claim region [0x1f0000000 0x1f0968000]
07-28 20:33:32.743 11206 11414 I Finsky  : [2400] rqq.apply(12): SCH: Scheduling 2 system job(s)
07-28 20:33:32.743 11206 11414 I Finsky  : [2400] rqq.apply(18): SCH: Scheduling system job Id: 9618, L: 0, D: 0, C: false, I: false, N: 0
07-28 20:33:32.744   304   359 D goldfish-address-space: claimShared: Ask to claim region [0x1f1e94000 0x1f27fc000]
07-28 20:33:32.746   304   359 D goldfish-address-space: claimShared: Ask to claim region [0x1f27fc000 0x1f3164000]
07-28 20:33:32.749 11206 11414 I Finsky  : [2400] rqq.apply(18): SCH: Scheduling system job Id: 9619, L: 0, D: 66561286, C: false, I: false, N: 1
07-28 20:33:32.768 11206 11206 I Finsky  : [2] rzb.onStartJob(4): SCH: job service start with id 9618.
07-28 20:33:32.770 11206 11206 I Finsky  : [2] rzb.onStartJob(4): SCH: job service start with id 9619.
07-28 20:33:32.773 11206 11531 I Finsky  : [2440] ldh.apply(56): IQ: Creating job 69, for (REQ_DEVICE_IDLE, REQ_GEARHEAD_PROJECTION_OFF, MIN_BATTERY=50, SHOULD_APPLY_BUDGET=true, NETWORK=UNMETERED, PROVISIONING_STATE=PROVISIONED)
07-28 20:33:32.780 11206 11531 I Finsky  : [2440] ldh.apply(56): IQ: Creating job 70, for (REQ_CHARGING, REQ_GEARHEAD_PROJECTION_OFF, IGNORE_HOLDOFF=true, NETWORK=UNMETERED, PROVISIONING_STATE=PROVISIONED)
07-28 20:33:32.780 11206 11531 I Finsky  : [2440] ldh.apply(56): IQ: Creating job 71, for (REQ_CHARGING, REQ_DEVICE_IDLE, REQ_GEARHEAD_PROJECTION_OFF, NETWORK=UNMETERED, PROVISIONING_STATE=PROVISIONED)
07-28 20:33:32.781 11206 11531 I Finsky  : [2440] ldh.apply(56): IQ: Creating job 72, for (REQ_GEARHEAD_PROJECTION_OFF, NETWORK=ANY, PROVISIONING_STATE=PROVISIONED)
07-28 20:33:32.781 11206 11531 I Finsky  : [2440] ldh.apply(56): IQ: Creating job 73, for (REQ_CHARGING, REQ_GEARHEAD_PROJECTION_OFF, NETWORK=UNMETERED, PROVISIONING_STATE=PROVISIONED)
07-28 20:33:32.782 11206 11531 I Finsky  : [2440] ldh.apply(56): IQ: Creating job 74, for (REQ_DEVICE_IDLE, REQ_GEARHEAD_PROJECTION_OFF, MIN_BATTERY=50, SHOULD_APPLY_BUDGET=true, IGNORE_HOLDOFF=true, NETWORK=UNMETERED, PROVISIONING_STATE=PROVISIONED)
07-28 20:33:32.782 11206 11531 I Finsky  : [2440] lii.B(9): IQ: Bulk scheduling created jobs
07-28 20:33:32.814 11206 11396 I Finsky  : [2394] rxd.a(45): SCH: Satisfied jobs for 9618 are: 1-1337, 26-1414141414
07-28 20:33:32.822   509   539 I ActivityTaskManager: Displayed com.example.cardiacmonitor/.AddDetails: +382ms
07-28 20:33:32.833 11206 11396 I Finsky  : [2394] rxd.a(45): SCH: Satisfied jobs for 9619 are: 1-1337, 12-1
07-28 20:33:32.857 11206 11539 I Finsky  : [2445] rhc.accept(6): SCH: Job 1-1337 starting
07-28 20:33:32.868 11206 11539 I Finsky  : [2445] rye.c(7): SCH: Skip running other jobs while hygiene is running
07-28 20:33:32.871 11206 11539 I Finsky  : [2445] rye.c(7): SCH: Skip running other jobs while hygiene is running
07-28 20:33:32.872 11422 11422 D LifecycleMonitor: Lifecycle status change: com.example.cardiacmonitor.MainActivity@8939f1d in: STOPPED
07-28 20:33:32.873 11422 11422 V ActivityScenario: Update currentActivityStage to STOPPED, currentActivity=com.example.cardiacmonitor.MainActivity@8939f1d
07-28 20:33:32.923 11206 11206 I Finsky  : [2] kmw.a(6): Starting Hygiene for reason 16
07-28 20:33:32.924 11206 11206 W Finsky  : [2] fev.d(16): For unauth, use getDfeApiNonAuthenticated() instead!
07-28 20:33:32.964   290   290 D Zygote  : Forked child process 11543
07-28 20:33:32.980 11543 11543 E e.process.gapp: Not starting debugger since process cannot load the jdwp agent.
07-28 20:33:32.997 11543 11543 I e.process.gapp: The ClassLoaderContext is a special shared library.
07-28 20:33:33.003 11543 11543 I e.process.gapp: The ClassLoaderContext is a special shared library.
07-28 20:33:33.040 11543 11543 D NetworkSecurityConfig: No Network Security Config specified, using platform default
07-28 20:33:33.041 11543 11543 D NetworkSecurityConfig: No Network Security Config specified, using platform default
07-28 20:33:33.066 11543 11543 I GoogleHttpClient: GMS http client unavailable, use old client
07-28 20:33:33.122 11206 11206 I Finsky  : [2] knc.f(10): Probe unauthenticated for hygiene pass
07-28 20:33:33.132 11206 11398 I Finsky  : [2396] rrc.accept(43): SCH: Scheduling phonesky job Id: 3-69, CT: 1659018812782, Constraints: [{ L: 0, D: 86400000, C: 1, I: 2, N: 2 }]
07-28 20:33:33.132 11206 11398 I Finsky  : [2396] rrc.accept(43): SCH: Scheduling phonesky job Id: 3-70, CT: 1659018812783, Constraints: [{ L: 0, D: 86400000, C: 2, I: 1, N: 2 }]
07-28 20:33:33.132 11206 11398 I Finsky  : [2396] rrc.accept(43): SCH: Scheduling phonesky job Id: 3-71, CT: 1659018812783, Constraints: [{ L: 0, D: 86400000, C: 2, I: 2, N: 2 }]
07-28 20:33:33.132 11206 11398 I Finsky  : [2396] rrc.accept(43): SCH: Scheduling phonesky job Id: 3-72, CT: 1659018812783, Constraints: [{ L: 0, D: 86400000, C: 1, I: 1, N: 1 }, { L: 0, D: 0, C: 1, I: 1, N: 0 }]
07-28 20:33:33.133 11206 11398 I Finsky  : [2396] rrc.accept(43): SCH: Scheduling phonesky job Id: 3-73, CT: 1659018812783, Constraints: [{ L: 0, D: 86400000, C: 2, I: 1, N: 2 }]
07-28 20:33:33.133 11206 11398 I Finsky  : [2396] rrc.accept(43): SCH: Scheduling phonesky job Id: 3-74, CT: 1659018812783, Constraints: [{ L: 0, D: 86400000, C: 1, I: 2, N: 2 }]
07-28 20:33:33.137 11206 11397 I Finsky  : [2395] rqq.apply(12): SCH: Scheduling 0 system job(s)
07-28 20:33:33.146 11206 11414 I Finsky  : [2400] ftf.a(3): [DeviceConfig] successfully updated device attribute payloads
07-28 20:33:33.175 11206 11206 I Finsky  : [2] iff.b(3): Request device config token was successful when fetching experiments.
07-28 20:33:33.175 11206 11372 W Finsky  : [2384] fev.d(16): For unauth, use getDfeApiNonAuthenticated() instead!
07-28 20:33:33.181 11206 11371 I SnapshotHandler: Unable to retrieve flag snapshot for com.google.android.gms.phenotype, using defaults.
07-28 20:33:33.182 11206 11564 E PhenotypeCombinedFlags: Config package com.google.android.gms.phenotype cannot use PROCESS_STABLE backing without declarative registration. See go/phenotype-android-integration#phenotype for more information. This will lead to stale flags.
07-28 20:33:33.188 11206 11564 E PhenotypeCombinedFlags: Config package com.google.android.gms.phenotype cannot use PROCESS_STABLE backing without declarative registration. See go/phenotype-android-integration#phenotype for more information. This will lead to stale flags.
07-28 20:33:33.189 11206 11371 I HeterodyneSyncer: Removed 0 invalid users
07-28 20:33:33.195 11206 11371 D PhenotypeDbHelper: Enabled write-ahead logging
07-28 20:33:33.212 11206 11564 E PhenotypeCombinedFlags: Config package com.google.android.gms.phenotype cannot use PROCESS_STABLE backing without declarative registration. See go/phenotype-android-integration#phenotype for more information. This will lead to stale flags.
07-28 20:33:33.218 11206 11564 I chatty  : uid=10122(com.android.vending) ProcessStablePh identical 7 lines
07-28 20:33:33.219 11206 11564 E PhenotypeCombinedFlags: Config package com.google.android.gms.phenotype cannot use PROCESS_STABLE backing without declarative registration. See go/phenotype-android-integration#phenotype for more information. This will lead to stale flags.
07-28 20:33:33.219 11206 11371 D HeterodyneSyncer: Heterodyne Request: # agsk@504dc912
07-28 20:33:33.219 11206 11371 I Finsky  : [2383] acxo.d(2): Sending Heterodyne sync request for package com.android.vending
07-28 20:33:33.219 11206 11564 E PhenotypeCombinedFlags: Config package com.google.android.gms.phenotype cannot use PROCESS_STABLE backing without declarative registration. See go/phenotype-android-integration#phenotype for more information. This will lead to stale flags.
07-28 20:33:33.221 11206 11564 E PhenotypeCombinedFlags: Config package com.google.android.gms.phenotype cannot use PROCESS_STABLE backing without declarative registration. See go/phenotype-android-integration#phenotype for more information. This will lead to stale flags.
07-28 20:33:33.223 11206 11371 D ApacheHttpTransport: Contacting Heterodyne at https://www.googleapis.com/experimentsandconfigs/v1/getExperimentsAndConfigs?r=1&c=128
07-28 20:33:33.486 11206 11371 I RequestAddCookies: Cookie store not available in HTTP context
07-28 20:33:34.101 11206 11371 I ResponseProcessCookies: Cookie store not available in HTTP context
07-28 20:33:34.135 11422 11422 I ViewInteraction: Performing 'type text(12/10/2021)' action on view view.getId() is <2131230801/com.example.cardiacmonitor:id/adateValue>
07-28 20:33:34.196 11422 11422 I AssistStructure: Flattened final assist data: 3740 bytes, containing 1 windows, 22 views
07-28 20:33:34.215  1290  1290 I KeyboardViewUtil: KeyboardViewUtil.getKeyboardHeightRatio():128 systemKeyboardHeightRatio:1.000000; userKeyboardHeightRatio:1.000000.
07-28 20:33:34.217  1290  1290 I AndroidIME: AbstractIme.onActivate():84 LatinIme.onActivate() : EditorInfo = Package = com.example.cardiacmonitor : Type = Text : Learning = Enable : Suggestion = Show : AutoCorrection = Enable : Microphone = Show : NoPersonalizedLearning = Disable : AutoStartVoiceInput = Disable, IncognitoMode = false
07-28 20:33:34.218  1290  1290 I Delight5Facilitator: Delight5Facilitator.initializeForIme():561 initializeForIme() : Locale = [en_US], layout = qwerty
07-28 20:33:34.218  1290  1290 I VoiceInputManagerWrapper: VoiceInputManagerWrapper.cancelShutdown():55 cancelShutdown()
07-28 20:33:34.218  1290  1290 I VoiceInputManagerWrapper: VoiceInputManagerWrapper.syncLanguagePacks():67 syncLanguagePacks()
07-28 20:33:34.220  1290  8405 I SpeechFactory: SpeechRecognitionFactory.maybeScheduleAutoPackDownloadForFallback():160 maybeScheduleAutoPackDownloadForFallback()
07-28 20:33:34.220  1290  8405 I FallbackOnDeviceRecognitionProvider: FallbackOnDeviceRecognitionProvider.maybeScheduleAutoPackDownload():197 maybeScheduleAutoPackDownload() for language tag en-US
07-28 20:33:34.230  1290  1290 I KeyboardWrapper: KeyboardWrapper.consumeEvent():264 Skip consuming an event as current keyboard is deactivated (state=0, keyboard existence=true)
07-28 20:33:34.256  1290  1290 W KeyboardModeManager: KeyboardModeManager.setInputView():302 setInputView() : inputView = com.google.android.apps.inputmethod.libs.framework.core.InputView{683847d V.E...... ......ID 0,0-1080,2082}
07-28 20:33:34.258  1290  1290 I ConversationToQueryExtension: ConversationToQueryExtension.isEnabledForHostApp():252 Conv2Query not enabled due to current app [com.example.cardiacmonitor] not in whitelist
07-28 20:33:34.258  1290  1290 I ConversationToQueryExtension: ConversationToQueryExtension.onActivate():162 onActivate() : Disabled by unsupported host app
07-28 20:33:34.258  1290  1290 I VoiceImeExtension: VoiceImeExtension.shouldStartVoiceInputAutomatically():336 No private IME option set to start voice input.
07-28 20:33:34.264 26201 26201 D BoundBrokerSvc: onBind: Intent { act=com.google.firebase.dynamiclinks.service.START pkg=com.google.android.gms }
07-28 20:33:34.264 26201 26201 D BoundBrokerSvc: Loading bound service for intent: Intent { act=com.google.firebase.dynamiclinks.service.START pkg=com.google.android.gms }
07-28 20:33:34.273   304   359 D goldfish-address-space: claimShared: Ask to claim region [0x1f0968000 0x1f1288000]
07-28 20:33:34.278   304   359 D goldfish-address-space: claimShared: Ask to claim region [0x1f1288000 0x1f1ba8000]
07-28 20:33:34.282   304   359 D goldfish-address-space: claimShared: Ask to claim region [0x1f52d0000 0x1f5bf0000]
07-28 20:33:34.295  1133  1133 W kur     : Pending fill request while another request in the same session was triggered. [CONTEXT service_id=177 ]
07-28 20:33:34.312 26201 26201 D BoundBrokerSvc: onBind: Intent { act=com.google.android.mdd.service.START cmp=com.google.android.gms/.chimera.GmsBoundBrokerService }
07-28 20:33:34.312 26201 26201 D BoundBrokerSvc: Loading bound service for intent: Intent { act=com.google.android.mdd.service.START cmp=com.google.android.gms/.chimera.GmsBoundBrokerService }
07-28 20:33:34.373   304   359 D goldfish-address-space: claimShared: Ask to claim region [0x1f5bf0000 0x1f6558000]
07-28 20:33:34.385 26201 26201 D BoundBrokerSvc: onBind: Intent { act=com.google.android.gms.common.BIND_SHARED_PREFS pkg=com.google.android.gms }
07-28 20:33:34.385 26201 26201 D BoundBrokerSvc: Loading bound service for intent: Intent { act=com.google.android.gms.common.BIND_SHARED_PREFS pkg=com.google.android.gms }
07-28 20:33:34.386   304   359 D goldfish-address-space: claimShared: Ask to claim region [0x1f6558000 0x1f6ec0000]
07-28 20:33:34.397   906   906 V InlineSuggestionRenderService: handleDestroySuggestionViews called for 0:1807836492
07-28 20:33:34.399 26201 26201 D BoundBrokerSvc: onUnbind: Intent { act=com.google.android.gms.common.BIND_SHARED_PREFS pkg=com.google.android.gms }
07-28 20:33:34.399  1133  3588 I .gms.persisten: oneway function results will be dropped but finished with status UNKNOWN_TRANSACTION and parcel size 80
07-28 20:33:34.400 26201 26201 D BoundBrokerSvc: onBind: Intent { act=com.google.android.gms.common.BIND_SHARED_PREFS pkg=com.google.android.gms }
07-28 20:33:34.400 26201 26201 D BoundBrokerSvc: Loading bound service for intent: Intent { act=com.google.android.gms.common.BIND_SHARED_PREFS pkg=com.google.android.gms }
07-28 20:33:34.403 26201 26201 D BoundBrokerSvc: onUnbind: Intent { act=com.google.android.gms.common.BIND_SHARED_PREFS pkg=com.google.android.gms }
07-28 20:33:34.460 11422 11422 D UiControllerImpl: Injecting string: "12/10/2021"
07-28 20:33:34.477  1290  1290 I ShortcutsDataManager: ShortcutsDataManager.onContentChanged():89 onContentChanged()
07-28 20:33:34.486 11206 11564 E PhenotypeCombinedFlags: Config package com.google.android.gms.phenotype cannot use PROCESS_STABLE backing without declarative registration. See go/phenotype-android-integration#phenotype for more information. This will lead to stale flags.
07-28 20:33:34.503 11206 11371 D HeterodyneSyncer: Heterodyne Response: # agsl@c24825c2
07-28 20:33:34.503 11206 11371 D HeterodyneSyncer: 5: 1658928607
07-28 20:33:34.503 11206 11371 I Finsky  : [2383] bet.y(1): Received Heterodyne sync response. StatusCode=200
07-28 20:33:34.504   304   359 D goldfish-address-space: claimShared: Ask to claim region [0x1f0000000 0x1f0968000]
07-28 20:33:34.508 11206 11371 D HeterodyneSyncer: update last fetch to 1659017400
07-28 20:33:34.511 11206 11371 D HeterodyneSyncer: Update request tag - changed
07-28 20:33:34.515 11206 11371 D HeterodyneSyncer: update application tag, changed: com.google.android.finsky.stable, 83151610, , 0
07-28 20:33:34.516 11206 11371 D HeterodyneSyncer: Clearing partition: 0
07-28 20:33:34.547 11206 11371 D HeterodyneSyncer: updateFlag: com.google.android.finsky.stable, 83151610, 0, , AutoUpdate__enable_atomic_install_cancel_oversample
07-28 20:33:34.547 11206 11371 D HeterodyneSyncer: updateFlag: com.google.android.finsky.stable, 83151610, 0, , CarskyPaidAcquisitionHandoff__is_enabled
07-28 20:33:34.547 11206 11371 D HeterodyneSyncer: updateFlag: com.google.android.finsky.stable, 83151610, 0, , Cashmere__main_disk_cache_size_increase_mb
07-28 20:33:34.548 11206 11371 D HeterodyneSyncer: updateFlag: com.google.android.finsky.stable, 83151610, 0, , ClusterRenderingLatencyLogging__enable_cluster_rendering_latency
07-28 20:33:34.548 11206 11371 D HeterodyneSyncer: updateFlag: com.google.android.finsky.stable, 83151610, 0, , DataLoader__enable_delivery_failure_test_setting
07-28 20:33:34.548 11206 11371 D HeterodyneSyncer: updateFlag: com.google.android.finsky.stable, 83151610, 0, , DownloadService__download_auto_updates_invisibly
07-28 20:33:34.548 11206 11371 D HeterodyneSyncer: updateFlag: com.google.android.finsky.stable, 83151610, 0, , DownloadService__download_background_auto_updates_invisibly
07-28 20:33:34.548 11206 11371 D HeterodyneSyncer: updateFlag: com.google.android.finsky.stable, 83151610, 0, , DownloadService__enable_download_service_in_installer
07-28 20:33:34.548 11206 11371 D HeterodyneSyncer: updateFlag: com.google.android.finsky.stable, 83151610, 0, , DownloadService__fallback_to_download_queue
07-28 20:33:34.548 11206 11371 D HeterodyneSyncer: updateFlag: com.google.android.finsky.stable, 83151610, 0, , DownloadService__file_to_download_prioritization_enabled
07-28 20:33:34.548 11206 11371 D HeterodyneSyncer: updateFlag: com.google.android.finsky.stable, 83151610, 0, , DownloadService__kill_switch_remove_on_cancel
07-28 20:33:34.548 11206 11371 D HeterodyneSyncer: updateFlag: com.google.android.finsky.stable, 83151610, 0, , DownloadService__log_download_events_to_playlogs
07-28 20:33:34.548 11206 11371 D HeterodyneSyncer: updateFlag: com.google.android.finsky.stable, 83151610, 0, , DownloadService__number_of_simultaneous_downloads
07-28 20:33:34.549 11206 11371 D HeterodyneSyncer: updateFlag: com.google.android.finsky.stable, 83151610, 0, , DownloadService__retry_on_server_error
